// Jest Snapshot v1, https://goo.gl/fbAQLP

exports[`TodoList matches its snapshot 1`] = `
ShallowWrapper {
  "complexSelector": ComplexSelector {
    "buildPredicate": [Function],
    "childrenOfNode": [Function],
    "findWhereUnwrapped": [Function],
  },
  "length": 1,
  "node": <ul
    className="todo-list"
>
    <TodoItem
        complete={false}
        id={1}
        text="Feed cat"
    />
    <TodoItem
        complete={true}
        id={2}
        text="Drink coffee"
    />
</ul>,
  "nodes": Array [
    <ul
      className="todo-list"
>
      <TodoItem
            complete={false}
            id={1}
            text="Feed cat"
      />
      <TodoItem
            complete={true}
            id={2}
            text="Drink coffee"
      />
</ul>,
  ],
  "options": Object {},
  "renderer": ReactShallowRenderer {
    "_instance": ShallowComponentWrapper {
      "_calledComponentWillUnmount": false,
      "_compositeType": 2,
      "_context": Object {},
      "_currentElement": <TodoList
        todos={
                Array [
                        Object {
                          "complete": false,
                          "id": 1,
                          "text": "Feed cat",
                        },
                        Object {
                          "complete": true,
                          "id": 2,
                          "text": "Drink coffee",
                        },
                      ]
        }
/>,
      "_debugID": 1,
      "_hostContainerInfo": null,
      "_hostParent": null,
      "_instance": StatelessComponent {
        "_reactInternalInstance": [Circular],
        "context": Object {},
        "props": Object {
          "todos": Array [
            Object {
              "complete": false,
              "id": 1,
              "text": "Feed cat",
            },
            Object {
              "complete": true,
              "id": 2,
              "text": "Drink coffee",
            },
          ],
        },
        "refs": Object {},
        "state": null,
        "updater": Object {
          "enqueueCallback": [Function],
          "enqueueCallbackInternal": [Function],
          "enqueueElementInternal": [Function],
          "enqueueForceUpdate": [Function],
          "enqueueReplaceState": [Function],
          "enqueueSetState": [Function],
          "isMounted": [Function],
          "validateCallback": [Function],
        },
      },
      "_mountOrder": 1,
      "_pendingCallbacks": null,
      "_pendingElement": null,
      "_pendingForceUpdate": false,
      "_pendingReplaceState": false,
      "_pendingStateQueue": null,
      "_renderedComponent": NoopInternalComponent {
        "_currentElement": <ul
          className="todo-list"
>
          <TodoItem
                    complete={false}
                    id={1}
                    text="Feed cat"
          />
          <TodoItem
                    complete={true}
                    id={2}
                    text="Drink coffee"
          />
</ul>,
        "_debugID": 2,
        "_renderedOutput": <ul
          className="todo-list"
>
          <TodoItem
                    complete={false}
                    id={1}
                    text="Feed cat"
          />
          <TodoItem
                    complete={true}
                    id={2}
                    text="Drink coffee"
          />
</ul>,
      },
      "_renderedNodeType": 0,
      "_rootNodeID": 0,
      "_topLevelWrapper": null,
      "_updateBatchNumber": null,
      "_warnedAboutRefsInRender": false,
    },
    "getRenderOutput": [Function],
    "render": [Function],
  },
  "root": [Circular],
  "unrendered": <TodoList
    todos={
        Array [
            Object {
              "complete": false,
              "id": 1,
              "text": "Feed cat",
            },
            Object {
              "complete": true,
              "id": 2,
              "text": "Drink coffee",
            },
          ]
    }
/>,
}
`;
